                                 Started job on |	Nov 04 21:35:10
                             Started mapping on |	Nov 04 21:35:51
                                    Finished on |	Nov 04 22:20:51
       Mapping speed, Million of reads per hour |	41.53

                          Number of input reads |	31147607
                      Average input read length |	99
                                    UNIQUE READS:
                   Uniquely mapped reads number |	27465014
                        Uniquely mapped reads % |	88.18%
                          Average mapped length |	95.29
                       Number of splices: Total |	5620709
            Number of splices: Annotated (sjdb) |	5457287
                       Number of splices: GT/AG |	5514844
                       Number of splices: GC/AG |	38680
                       Number of splices: AT/AC |	5707
               Number of splices: Non-canonical |	61478
                      Mismatch rate per base, % |	3.34%
                         Deletion rate per base |	0.28%
                        Deletion average length |	3.53
                        Insertion rate per base |	0.14%
                       Insertion average length |	2.72
                             MULTI-MAPPING READS:
        Number of reads mapped to multiple loci |	1091925
             % of reads mapped to multiple loci |	3.51%
        Number of reads mapped to too many loci |	62643
             % of reads mapped to too many loci |	0.20%
                                  UNMAPPED READS:
  Number of reads unmapped: too many mismatches |	0
       % of reads unmapped: too many mismatches |	0.00%
            Number of reads unmapped: too short |	2487540
                 % of reads unmapped: too short |	7.99%
                Number of reads unmapped: other |	40485
                     % of reads unmapped: other |	0.13%
                                  CHIMERIC READS:
                       Number of chimeric reads |	0
                            % of chimeric reads |	0.00%
