                                 Started job on |	Nov 04 23:33:34
                             Started mapping on |	Nov 04 23:34:13
                                    Finished on |	Nov 05 02:57:37
       Mapping speed, Million of reads per hour |	35.29

                          Number of input reads |	119627529
                      Average input read length |	98
                                    UNIQUE READS:
                   Uniquely mapped reads number |	106952959
                        Uniquely mapped reads % |	89.40%
                          Average mapped length |	92.90
                       Number of splices: Total |	17627365
            Number of splices: Annotated (sjdb) |	17042529
                       Number of splices: GT/AG |	17273509
                       Number of splices: GC/AG |	119441
                       Number of splices: AT/AC |	16007
               Number of splices: Non-canonical |	218408
                      Mismatch rate per base, % |	4.35%
                         Deletion rate per base |	0.26%
                        Deletion average length |	3.49
                        Insertion rate per base |	0.15%
                       Insertion average length |	2.83
                             MULTI-MAPPING READS:
        Number of reads mapped to multiple loci |	3886145
             % of reads mapped to multiple loci |	3.25%
        Number of reads mapped to too many loci |	216201
             % of reads mapped to too many loci |	0.18%
                                  UNMAPPED READS:
  Number of reads unmapped: too many mismatches |	0
       % of reads unmapped: too many mismatches |	0.00%
            Number of reads unmapped: too short |	8360960
                 % of reads unmapped: too short |	6.99%
                Number of reads unmapped: other |	211264
                     % of reads unmapped: other |	0.18%
                                  CHIMERIC READS:
                       Number of chimeric reads |	0
                            % of chimeric reads |	0.00%
