                                 Started job on |	Nov 04 23:56:17
                             Started mapping on |	Nov 04 23:56:54
                                    Finished on |	Nov 05 01:22:43
       Mapping speed, Million of reads per hour |	41.90

                          Number of input reads |	59931356
                      Average input read length |	99
                                    UNIQUE READS:
                   Uniquely mapped reads number |	54961174
                        Uniquely mapped reads % |	91.71%
                          Average mapped length |	95.14
                       Number of splices: Total |	11935267
            Number of splices: Annotated (sjdb) |	11632422
                       Number of splices: GT/AG |	11739551
                       Number of splices: GC/AG |	71335
                       Number of splices: AT/AC |	12449
               Number of splices: Non-canonical |	111932
                      Mismatch rate per base, % |	3.39%
                         Deletion rate per base |	0.27%
                        Deletion average length |	3.48
                        Insertion rate per base |	0.14%
                       Insertion average length |	2.69
                             MULTI-MAPPING READS:
        Number of reads mapped to multiple loci |	1968987
             % of reads mapped to multiple loci |	3.29%
        Number of reads mapped to too many loci |	113723
             % of reads mapped to too many loci |	0.19%
                                  UNMAPPED READS:
  Number of reads unmapped: too many mismatches |	0
       % of reads unmapped: too many mismatches |	0.00%
            Number of reads unmapped: too short |	2802421
                 % of reads unmapped: too short |	4.68%
                Number of reads unmapped: other |	85051
                     % of reads unmapped: other |	0.14%
                                  CHIMERIC READS:
                       Number of chimeric reads |	0
                            % of chimeric reads |	0.00%
