                                 Started job on |	Nov 05 00:10:13
                             Started mapping on |	Nov 05 00:10:53
                                    Finished on |	Nov 05 01:10:14
       Mapping speed, Million of reads per hour |	40.56

                          Number of input reads |	40121150
                      Average input read length |	99
                                    UNIQUE READS:
                   Uniquely mapped reads number |	36496030
                        Uniquely mapped reads % |	90.96%
                          Average mapped length |	94.87
                       Number of splices: Total |	7122757
            Number of splices: Annotated (sjdb) |	6921664
                       Number of splices: GT/AG |	6992177
                       Number of splices: GC/AG |	46794
                       Number of splices: AT/AC |	7666
               Number of splices: Non-canonical |	76120
                      Mismatch rate per base, % |	3.61%
                         Deletion rate per base |	0.28%
                        Deletion average length |	3.52
                        Insertion rate per base |	0.14%
                       Insertion average length |	2.73
                             MULTI-MAPPING READS:
        Number of reads mapped to multiple loci |	1349773
             % of reads mapped to multiple loci |	3.36%
        Number of reads mapped to too many loci |	77544
             % of reads mapped to too many loci |	0.19%
                                  UNMAPPED READS:
  Number of reads unmapped: too many mismatches |	0
       % of reads unmapped: too many mismatches |	0.00%
            Number of reads unmapped: too short |	2163145
                 % of reads unmapped: too short |	5.39%
                Number of reads unmapped: other |	34658
                     % of reads unmapped: other |	0.09%
                                  CHIMERIC READS:
                       Number of chimeric reads |	0
                            % of chimeric reads |	0.00%
