                                 Started job on |	Mar 06 01:11:44
                             Started mapping on |	Mar 06 01:12:22
                                    Finished on |	Mar 06 01:26:10
       Mapping speed, Million of reads per hour |	260.00

                          Number of input reads |	59799720
                      Average input read length |	99
                                    UNIQUE READS:
                   Uniquely mapped reads number |	54796083
                        Uniquely mapped reads % |	91.63%
                          Average mapped length |	94.90
                       Number of splices: Total |	11055981
            Number of splices: Annotated (sjdb) |	10790560
                       Number of splices: GT/AG |	10876781
                       Number of splices: GC/AG |	62845
                       Number of splices: AT/AC |	11784
               Number of splices: Non-canonical |	104571
                      Mismatch rate per base, % |	3.60%
                         Deletion rate per base |	0.28%
                        Deletion average length |	3.47
                        Insertion rate per base |	0.15%
                       Insertion average length |	2.69
                             MULTI-MAPPING READS:
        Number of reads mapped to multiple loci |	1878551
             % of reads mapped to multiple loci |	3.14%
        Number of reads mapped to too many loci |	100233
             % of reads mapped to too many loci |	0.17%
                                  UNMAPPED READS:
  Number of reads unmapped: too many mismatches |	0
       % of reads unmapped: too many mismatches |	0.00%
            Number of reads unmapped: too short |	2959803
                 % of reads unmapped: too short |	4.95%
                Number of reads unmapped: other |	65050
                     % of reads unmapped: other |	0.11%
                                  CHIMERIC READS:
                       Number of chimeric reads |	0
                            % of chimeric reads |	0.00%
