                                 Started job on |	Mar 06 01:27:28
                             Started mapping on |	Mar 06 01:28:05
                                    Finished on |	Mar 06 01:42:07
       Mapping speed, Million of reads per hour |	265.24

                          Number of input reads |	62036435
                      Average input read length |	99
                                    UNIQUE READS:
                   Uniquely mapped reads number |	56916137
                        Uniquely mapped reads % |	91.75%
                          Average mapped length |	95.15
                       Number of splices: Total |	12185835
            Number of splices: Annotated (sjdb) |	11945382
                       Number of splices: GT/AG |	12003585
                       Number of splices: GC/AG |	71748
                       Number of splices: AT/AC |	12119
               Number of splices: Non-canonical |	98383
                      Mismatch rate per base, % |	3.54%
                         Deletion rate per base |	0.28%
                        Deletion average length |	3.42
                        Insertion rate per base |	0.14%
                       Insertion average length |	2.65
                             MULTI-MAPPING READS:
        Number of reads mapped to multiple loci |	1890703
             % of reads mapped to multiple loci |	3.05%
        Number of reads mapped to too many loci |	78538
             % of reads mapped to too many loci |	0.13%
                                  UNMAPPED READS:
  Number of reads unmapped: too many mismatches |	0
       % of reads unmapped: too many mismatches |	0.00%
            Number of reads unmapped: too short |	3094502
                 % of reads unmapped: too short |	4.99%
                Number of reads unmapped: other |	56555
                     % of reads unmapped: other |	0.09%
                                  CHIMERIC READS:
                       Number of chimeric reads |	0
                            % of chimeric reads |	0.00%
