                                 Started job on |	Mar 06 01:59:02
                             Started mapping on |	Mar 06 01:59:39
                                    Finished on |	Mar 06 02:09:11
       Mapping speed, Million of reads per hour |	272.84

                          Number of input reads |	43350626
                      Average input read length |	99
                                    UNIQUE READS:
                   Uniquely mapped reads number |	39942971
                        Uniquely mapped reads % |	92.14%
                          Average mapped length |	95.22
                       Number of splices: Total |	8380853
            Number of splices: Annotated (sjdb) |	8195317
                       Number of splices: GT/AG |	8252530
                       Number of splices: GC/AG |	48421
                       Number of splices: AT/AC |	8219
               Number of splices: Non-canonical |	71683
                      Mismatch rate per base, % |	3.43%
                         Deletion rate per base |	0.28%
                        Deletion average length |	3.47
                        Insertion rate per base |	0.14%
                       Insertion average length |	2.69
                             MULTI-MAPPING READS:
        Number of reads mapped to multiple loci |	1401838
             % of reads mapped to multiple loci |	3.23%
        Number of reads mapped to too many loci |	68504
             % of reads mapped to too many loci |	0.16%
                                  UNMAPPED READS:
  Number of reads unmapped: too many mismatches |	0
       % of reads unmapped: too many mismatches |	0.00%
            Number of reads unmapped: too short |	1903251
                 % of reads unmapped: too short |	4.39%
                Number of reads unmapped: other |	34062
                     % of reads unmapped: other |	0.08%
                                  CHIMERIC READS:
                       Number of chimeric reads |	0
                            % of chimeric reads |	0.00%
