                                 Started job on |	Nov 05 03:04:48
                             Started mapping on |	Nov 05 03:05:27
                                    Finished on |	Nov 05 05:23:44
       Mapping speed, Million of reads per hour |	45.02

                          Number of input reads |	103753452
                      Average input read length |	99
                                    UNIQUE READS:
                   Uniquely mapped reads number |	95691541
                        Uniquely mapped reads % |	92.23%
                          Average mapped length |	95.44
                       Number of splices: Total |	22784423
            Number of splices: Annotated (sjdb) |	22232572
                       Number of splices: GT/AG |	22418539
                       Number of splices: GC/AG |	135529
                       Number of splices: AT/AC |	23740
               Number of splices: Non-canonical |	206615
                      Mismatch rate per base, % |	3.03%
                         Deletion rate per base |	0.28%
                        Deletion average length |	3.51
                        Insertion rate per base |	0.15%
                       Insertion average length |	2.72
                             MULTI-MAPPING READS:
        Number of reads mapped to multiple loci |	3792611
             % of reads mapped to multiple loci |	3.66%
        Number of reads mapped to too many loci |	188321
             % of reads mapped to too many loci |	0.18%
                                  UNMAPPED READS:
  Number of reads unmapped: too many mismatches |	0
       % of reads unmapped: too many mismatches |	0.00%
            Number of reads unmapped: too short |	3982869
                 % of reads unmapped: too short |	3.84%
                Number of reads unmapped: other |	98110
                     % of reads unmapped: other |	0.09%
                                  CHIMERIC READS:
                       Number of chimeric reads |	0
                            % of chimeric reads |	0.00%
