                                 Started job on |	Mar 06 00:30:22
                             Started mapping on |	Mar 06 00:31:22
                                    Finished on |	Mar 06 00:38:28
       Mapping speed, Million of reads per hour |	267.34

                          Number of input reads |	31635508
                      Average input read length |	99
                                    UNIQUE READS:
                   Uniquely mapped reads number |	29232686
                        Uniquely mapped reads % |	92.40%
                          Average mapped length |	95.36
                       Number of splices: Total |	7118447
            Number of splices: Annotated (sjdb) |	6981123
                       Number of splices: GT/AG |	7017154
                       Number of splices: GC/AG |	41385
                       Number of splices: AT/AC |	6484
               Number of splices: Non-canonical |	53424
                      Mismatch rate per base, % |	3.30%
                         Deletion rate per base |	0.27%
                        Deletion average length |	3.48
                        Insertion rate per base |	0.14%
                       Insertion average length |	2.70
                             MULTI-MAPPING READS:
        Number of reads mapped to multiple loci |	1065271
             % of reads mapped to multiple loci |	3.37%
        Number of reads mapped to too many loci |	58510
             % of reads mapped to too many loci |	0.18%
                                  UNMAPPED READS:
  Number of reads unmapped: too many mismatches |	0
       % of reads unmapped: too many mismatches |	0.00%
            Number of reads unmapped: too short |	1251503
                 % of reads unmapped: too short |	3.96%
                Number of reads unmapped: other |	27538
                     % of reads unmapped: other |	0.09%
                                  CHIMERIC READS:
                       Number of chimeric reads |	0
                            % of chimeric reads |	0.00%
