                                 Started job on |	Mar 06 00:39:13
                             Started mapping on |	Mar 06 00:39:50
                                    Finished on |	Mar 06 00:54:30
       Mapping speed, Million of reads per hour |	279.32

                          Number of input reads |	68277957
                      Average input read length |	99
                                    UNIQUE READS:
                   Uniquely mapped reads number |	63406838
                        Uniquely mapped reads % |	92.87%
                          Average mapped length |	95.36
                       Number of splices: Total |	15500518
            Number of splices: Annotated (sjdb) |	15206872
                       Number of splices: GT/AG |	15281778
                       Number of splices: GC/AG |	88657
                       Number of splices: AT/AC |	15957
               Number of splices: Non-canonical |	114126
                      Mismatch rate per base, % |	3.20%
                         Deletion rate per base |	0.27%
                        Deletion average length |	3.46
                        Insertion rate per base |	0.14%
                       Insertion average length |	2.68
                             MULTI-MAPPING READS:
        Number of reads mapped to multiple loci |	2176262
             % of reads mapped to multiple loci |	3.19%
        Number of reads mapped to too many loci |	102754
             % of reads mapped to too many loci |	0.15%
                                  UNMAPPED READS:
  Number of reads unmapped: too many mismatches |	0
       % of reads unmapped: too many mismatches |	0.00%
            Number of reads unmapped: too short |	2510024
                 % of reads unmapped: too short |	3.68%
                Number of reads unmapped: other |	82079
                     % of reads unmapped: other |	0.12%
                                  CHIMERIC READS:
                       Number of chimeric reads |	0
                            % of chimeric reads |	0.00%
