                                 Started job on |	Nov 05 07:42:51
                             Started mapping on |	Nov 05 07:43:29
                                    Finished on |	Nov 05 09:06:53
       Mapping speed, Million of reads per hour |	34.71

                          Number of input reads |	48251507
                      Average input read length |	100
                                    UNIQUE READS:
                   Uniquely mapped reads number |	42633949
                        Uniquely mapped reads % |	88.36%
                          Average mapped length |	93.88
                       Number of splices: Total |	7138035
            Number of splices: Annotated (sjdb) |	6942974
                       Number of splices: GT/AG |	7011543
                       Number of splices: GC/AG |	41622
                       Number of splices: AT/AC |	5795
               Number of splices: Non-canonical |	79075
                      Mismatch rate per base, % |	4.51%
                         Deletion rate per base |	0.25%
                        Deletion average length |	3.39
                        Insertion rate per base |	0.13%
                       Insertion average length |	2.66
                             MULTI-MAPPING READS:
        Number of reads mapped to multiple loci |	1327123
             % of reads mapped to multiple loci |	2.75%
        Number of reads mapped to too many loci |	57390
             % of reads mapped to too many loci |	0.12%
                                  UNMAPPED READS:
  Number of reads unmapped: too many mismatches |	0
       % of reads unmapped: too many mismatches |	0.00%
            Number of reads unmapped: too short |	4191657
                 % of reads unmapped: too short |	8.69%
                Number of reads unmapped: other |	41388
                     % of reads unmapped: other |	0.09%
                                  CHIMERIC READS:
                       Number of chimeric reads |	0
                            % of chimeric reads |	0.00%
