                                 Started job on |	Nov 05 09:07:50
                             Started mapping on |	Nov 05 09:08:29
                                    Finished on |	Nov 05 10:30:32
       Mapping speed, Million of reads per hour |	36.01

                          Number of input reads |	49248658
                      Average input read length |	99
                                    UNIQUE READS:
                   Uniquely mapped reads number |	43770588
                        Uniquely mapped reads % |	88.88%
                          Average mapped length |	94.98
                       Number of splices: Total |	10412577
            Number of splices: Annotated (sjdb) |	10204133
                       Number of splices: GT/AG |	10265032
                       Number of splices: GC/AG |	62267
                       Number of splices: AT/AC |	8864
               Number of splices: Non-canonical |	76414
                      Mismatch rate per base, % |	3.86%
                         Deletion rate per base |	0.23%
                        Deletion average length |	3.45
                        Insertion rate per base |	0.12%
                       Insertion average length |	2.66
                             MULTI-MAPPING READS:
        Number of reads mapped to multiple loci |	1513001
             % of reads mapped to multiple loci |	3.07%
        Number of reads mapped to too many loci |	54784
             % of reads mapped to too many loci |	0.11%
                                  UNMAPPED READS:
  Number of reads unmapped: too many mismatches |	0
       % of reads unmapped: too many mismatches |	0.00%
            Number of reads unmapped: too short |	3847315
                 % of reads unmapped: too short |	7.81%
                Number of reads unmapped: other |	62970
                     % of reads unmapped: other |	0.13%
                                  CHIMERIC READS:
                       Number of chimeric reads |	0
                            % of chimeric reads |	0.00%
