                                 Started job on |	Nov 05 11:01:38
                             Started mapping on |	Nov 05 11:02:16
                                    Finished on |	Nov 05 12:23:59
       Mapping speed, Million of reads per hour |	38.10

                          Number of input reads |	51888323
                      Average input read length |	99
                                    UNIQUE READS:
                   Uniquely mapped reads number |	43895479
                        Uniquely mapped reads % |	84.60%
                          Average mapped length |	95.57
                       Number of splices: Total |	9954582
            Number of splices: Annotated (sjdb) |	9706031
                       Number of splices: GT/AG |	9788992
                       Number of splices: GC/AG |	64586
                       Number of splices: AT/AC |	10734
               Number of splices: Non-canonical |	90270
                      Mismatch rate per base, % |	3.20%
                         Deletion rate per base |	0.27%
                        Deletion average length |	3.52
                        Insertion rate per base |	0.14%
                       Insertion average length |	2.73
                             MULTI-MAPPING READS:
        Number of reads mapped to multiple loci |	1746728
             % of reads mapped to multiple loci |	3.37%
        Number of reads mapped to too many loci |	96617
             % of reads mapped to too many loci |	0.19%
                                  UNMAPPED READS:
  Number of reads unmapped: too many mismatches |	0
       % of reads unmapped: too many mismatches |	0.00%
            Number of reads unmapped: too short |	6090280
                 % of reads unmapped: too short |	11.74%
                Number of reads unmapped: other |	59219
                     % of reads unmapped: other |	0.11%
                                  CHIMERIC READS:
                       Number of chimeric reads |	0
                            % of chimeric reads |	0.00%
