                                 Started job on |	Nov 05 11:12:13
                             Started mapping on |	Nov 05 11:12:52
                                    Finished on |	Nov 05 11:59:25
       Mapping speed, Million of reads per hour |	44.61

                          Number of input reads |	34611078
                      Average input read length |	99
                                    UNIQUE READS:
                   Uniquely mapped reads number |	31907353
                        Uniquely mapped reads % |	92.19%
                          Average mapped length |	95.67
                       Number of splices: Total |	8495370
            Number of splices: Annotated (sjdb) |	8323513
                       Number of splices: GT/AG |	8375622
                       Number of splices: GC/AG |	47799
                       Number of splices: AT/AC |	9453
               Number of splices: Non-canonical |	62496
                      Mismatch rate per base, % |	3.08%
                         Deletion rate per base |	0.25%
                        Deletion average length |	3.45
                        Insertion rate per base |	0.13%
                       Insertion average length |	2.71
                             MULTI-MAPPING READS:
        Number of reads mapped to multiple loci |	1139346
             % of reads mapped to multiple loci |	3.29%
        Number of reads mapped to too many loci |	49411
             % of reads mapped to too many loci |	0.14%
                                  UNMAPPED READS:
  Number of reads unmapped: too many mismatches |	0
       % of reads unmapped: too many mismatches |	0.00%
            Number of reads unmapped: too short |	1469945
                 % of reads unmapped: too short |	4.25%
                Number of reads unmapped: other |	45023
                     % of reads unmapped: other |	0.13%
                                  CHIMERIC READS:
                       Number of chimeric reads |	0
                            % of chimeric reads |	0.00%
