                                 Started job on |	Nov 04 21:35:25
                             Started mapping on |	Nov 04 21:36:03
                                    Finished on |	Nov 04 22:11:19
       Mapping speed, Million of reads per hour |	44.21

                          Number of input reads |	25988053
                      Average input read length |	100
                                    UNIQUE READS:
                   Uniquely mapped reads number |	23899005
                        Uniquely mapped reads % |	91.96%
                          Average mapped length |	95.50
                       Number of splices: Total |	5135422
            Number of splices: Annotated (sjdb) |	5001384
                       Number of splices: GT/AG |	5045572
                       Number of splices: GC/AG |	33102
                       Number of splices: AT/AC |	5598
               Number of splices: Non-canonical |	51150
                      Mismatch rate per base, % |	3.26%
                         Deletion rate per base |	0.27%
                        Deletion average length |	3.51
                        Insertion rate per base |	0.14%
                       Insertion average length |	2.72
                             MULTI-MAPPING READS:
        Number of reads mapped to multiple loci |	896010
             % of reads mapped to multiple loci |	3.45%
        Number of reads mapped to too many loci |	48937
             % of reads mapped to too many loci |	0.19%
                                  UNMAPPED READS:
  Number of reads unmapped: too many mismatches |	0
       % of reads unmapped: too many mismatches |	0.00%
            Number of reads unmapped: too short |	1103089
                 % of reads unmapped: too short |	4.24%
                Number of reads unmapped: other |	41012
                     % of reads unmapped: other |	0.16%
                                  CHIMERIC READS:
                       Number of chimeric reads |	0
                            % of chimeric reads |	0.00%
