                                 Started job on |	Nov 04 21:35:36
                             Started mapping on |	Nov 04 21:36:14
                                    Finished on |	Nov 04 22:14:52
       Mapping speed, Million of reads per hour |	33.23

                          Number of input reads |	21398104
                      Average input read length |	100
                                    UNIQUE READS:
                   Uniquely mapped reads number |	16535331
                        Uniquely mapped reads % |	77.27%
                          Average mapped length |	94.07
                       Number of splices: Total |	2282507
            Number of splices: Annotated (sjdb) |	2174337
                       Number of splices: GT/AG |	2215932
                       Number of splices: GC/AG |	15637
                       Number of splices: AT/AC |	3048
               Number of splices: Non-canonical |	47890
                      Mismatch rate per base, % |	3.50%
                         Deletion rate per base |	0.33%
                        Deletion average length |	3.55
                        Insertion rate per base |	0.18%
                       Insertion average length |	2.62
                             MULTI-MAPPING READS:
        Number of reads mapped to multiple loci |	733431
             % of reads mapped to multiple loci |	3.43%
        Number of reads mapped to too many loci |	32040
             % of reads mapped to too many loci |	0.15%
                                  UNMAPPED READS:
  Number of reads unmapped: too many mismatches |	0
       % of reads unmapped: too many mismatches |	0.00%
            Number of reads unmapped: too short |	4081451
                 % of reads unmapped: too short |	19.07%
                Number of reads unmapped: other |	15851
                     % of reads unmapped: other |	0.07%
                                  CHIMERIC READS:
                       Number of chimeric reads |	0
                            % of chimeric reads |	0.00%
