                                 Started job on |	Nov 04 22:15:17
                             Started mapping on |	Nov 04 22:15:54
                                    Finished on |	Nov 04 23:54:48
       Mapping speed, Million of reads per hour |	41.29

                          Number of input reads |	68057598
                      Average input read length |	99
                                    UNIQUE READS:
                   Uniquely mapped reads number |	61642055
                        Uniquely mapped reads % |	90.57%
                          Average mapped length |	94.33
                       Number of splices: Total |	13562922
            Number of splices: Annotated (sjdb) |	13195031
                       Number of splices: GT/AG |	13335061
                       Number of splices: GC/AG |	81849
                       Number of splices: AT/AC |	13687
               Number of splices: Non-canonical |	132325
                      Mismatch rate per base, % |	3.44%
                         Deletion rate per base |	0.27%
                        Deletion average length |	3.51
                        Insertion rate per base |	0.14%
                       Insertion average length |	2.72
                             MULTI-MAPPING READS:
        Number of reads mapped to multiple loci |	2281370
             % of reads mapped to multiple loci |	3.35%
        Number of reads mapped to too many loci |	117038
             % of reads mapped to too many loci |	0.17%
                                  UNMAPPED READS:
  Number of reads unmapped: too many mismatches |	0
       % of reads unmapped: too many mismatches |	0.00%
            Number of reads unmapped: too short |	3961097
                 % of reads unmapped: too short |	5.82%
                Number of reads unmapped: other |	56038
                     % of reads unmapped: other |	0.08%
                                  CHIMERIC READS:
                       Number of chimeric reads |	0
                            % of chimeric reads |	0.00%
