                                 Started job on |	Nov 04 22:21:29
                             Started mapping on |	Nov 04 22:22:07
                                    Finished on |	Nov 04 22:54:54
       Mapping speed, Million of reads per hour |	42.15

                          Number of input reads |	23029372
                      Average input read length |	100
                                    UNIQUE READS:
                   Uniquely mapped reads number |	20780812
                        Uniquely mapped reads % |	90.24%
                          Average mapped length |	95.12
                       Number of splices: Total |	4716821
            Number of splices: Annotated (sjdb) |	4602217
                       Number of splices: GT/AG |	4638082
                       Number of splices: GC/AG |	29006
                       Number of splices: AT/AC |	4959
               Number of splices: Non-canonical |	44774
                      Mismatch rate per base, % |	3.40%
                         Deletion rate per base |	0.27%
                        Deletion average length |	3.47
                        Insertion rate per base |	0.14%
                       Insertion average length |	2.69
                             MULTI-MAPPING READS:
        Number of reads mapped to multiple loci |	746296
             % of reads mapped to multiple loci |	3.24%
        Number of reads mapped to too many loci |	35968
             % of reads mapped to too many loci |	0.16%
                                  UNMAPPED READS:
  Number of reads unmapped: too many mismatches |	0
       % of reads unmapped: too many mismatches |	0.00%
            Number of reads unmapped: too short |	1450195
                 % of reads unmapped: too short |	6.30%
                Number of reads unmapped: other |	16101
                     % of reads unmapped: other |	0.07%
                                  CHIMERIC READS:
                       Number of chimeric reads |	0
                            % of chimeric reads |	0.00%
