                                 Started job on |	Nov 04 22:55:27
                             Started mapping on |	Nov 04 22:56:05
                                    Finished on |	Nov 04 23:32:06
       Mapping speed, Million of reads per hour |	44.50

                          Number of input reads |	26712636
                      Average input read length |	99
                                    UNIQUE READS:
                   Uniquely mapped reads number |	24013599
                        Uniquely mapped reads % |	89.90%
                          Average mapped length |	95.01
                       Number of splices: Total |	5541544
            Number of splices: Annotated (sjdb) |	5405200
                       Number of splices: GT/AG |	5452526
                       Number of splices: GC/AG |	33091
                       Number of splices: AT/AC |	5419
               Number of splices: Non-canonical |	50508
                      Mismatch rate per base, % |	3.31%
                         Deletion rate per base |	0.27%
                        Deletion average length |	3.51
                        Insertion rate per base |	0.14%
                       Insertion average length |	2.72
                             MULTI-MAPPING READS:
        Number of reads mapped to multiple loci |	966780
             % of reads mapped to multiple loci |	3.62%
        Number of reads mapped to too many loci |	79412
             % of reads mapped to too many loci |	0.30%
                                  UNMAPPED READS:
  Number of reads unmapped: too many mismatches |	0
       % of reads unmapped: too many mismatches |	0.00%
            Number of reads unmapped: too short |	1394395
                 % of reads unmapped: too short |	5.22%
                Number of reads unmapped: other |	258450
                     % of reads unmapped: other |	0.97%
                                  CHIMERIC READS:
                       Number of chimeric reads |	0
                            % of chimeric reads |	0.00%
