                                 Started job on |	Nov 04 23:02:42
                             Started mapping on |	Nov 04 23:03:24
                                    Finished on |	Nov 04 23:33:07
       Mapping speed, Million of reads per hour |	37.75

                          Number of input reads |	18699140
                      Average input read length |	100
                                    UNIQUE READS:
                   Uniquely mapped reads number |	15834263
                        Uniquely mapped reads % |	84.68%
                          Average mapped length |	95.26
                       Number of splices: Total |	3646210
            Number of splices: Annotated (sjdb) |	3560330
                       Number of splices: GT/AG |	3589382
                       Number of splices: GC/AG |	20786
                       Number of splices: AT/AC |	3689
               Number of splices: Non-canonical |	32353
                      Mismatch rate per base, % |	3.35%
                         Deletion rate per base |	0.27%
                        Deletion average length |	3.48
                        Insertion rate per base |	0.14%
                       Insertion average length |	2.69
                             MULTI-MAPPING READS:
        Number of reads mapped to multiple loci |	609957
             % of reads mapped to multiple loci |	3.26%
        Number of reads mapped to too many loci |	39774
             % of reads mapped to too many loci |	0.21%
                                  UNMAPPED READS:
  Number of reads unmapped: too many mismatches |	0
       % of reads unmapped: too many mismatches |	0.00%
            Number of reads unmapped: too short |	2132872
                 % of reads unmapped: too short |	11.41%
                Number of reads unmapped: other |	82274
                     % of reads unmapped: other |	0.44%
                                  CHIMERIC READS:
                       Number of chimeric reads |	0
                            % of chimeric reads |	0.00%
