                                 Started job on |	Nov 05 01:24:01
                             Started mapping on |	Nov 05 01:24:39
                                    Finished on |	Nov 05 02:17:00
       Mapping speed, Million of reads per hour |	39.75

                          Number of input reads |	34681761
                      Average input read length |	99
                                    UNIQUE READS:
                   Uniquely mapped reads number |	31388834
                        Uniquely mapped reads % |	90.51%
                          Average mapped length |	95.04
                       Number of splices: Total |	6720499
            Number of splices: Annotated (sjdb) |	6563372
                       Number of splices: GT/AG |	6612337
                       Number of splices: GC/AG |	41043
                       Number of splices: AT/AC |	6656
               Number of splices: Non-canonical |	60463
                      Mismatch rate per base, % |	3.61%
                         Deletion rate per base |	0.26%
                        Deletion average length |	3.42
                        Insertion rate per base |	0.13%
                       Insertion average length |	2.67
                             MULTI-MAPPING READS:
        Number of reads mapped to multiple loci |	1034234
             % of reads mapped to multiple loci |	2.98%
        Number of reads mapped to too many loci |	45094
             % of reads mapped to too many loci |	0.13%
                                  UNMAPPED READS:
  Number of reads unmapped: too many mismatches |	0
       % of reads unmapped: too many mismatches |	0.00%
            Number of reads unmapped: too short |	2183906
                 % of reads unmapped: too short |	6.30%
                Number of reads unmapped: other |	29693
                     % of reads unmapped: other |	0.09%
                                  CHIMERIC READS:
                       Number of chimeric reads |	0
                            % of chimeric reads |	0.00%
