                                 Started job on |	Nov 05 01:48:30
                             Started mapping on |	Nov 05 01:49:09
                                    Finished on |	Nov 05 02:35:17
       Mapping speed, Million of reads per hour |	35.07

                          Number of input reads |	26966217
                      Average input read length |	100
                                    UNIQUE READS:
                   Uniquely mapped reads number |	22333709
                        Uniquely mapped reads % |	82.82%
                          Average mapped length |	94.89
                       Number of splices: Total |	4624412
            Number of splices: Annotated (sjdb) |	4508558
                       Number of splices: GT/AG |	4546686
                       Number of splices: GC/AG |	28594
                       Number of splices: AT/AC |	4593
               Number of splices: Non-canonical |	44539
                      Mismatch rate per base, % |	3.67%
                         Deletion rate per base |	0.26%
                        Deletion average length |	3.45
                        Insertion rate per base |	0.13%
                       Insertion average length |	2.68
                             MULTI-MAPPING READS:
        Number of reads mapped to multiple loci |	769081
             % of reads mapped to multiple loci |	2.85%
        Number of reads mapped to too many loci |	29976
             % of reads mapped to too many loci |	0.11%
                                  UNMAPPED READS:
  Number of reads unmapped: too many mismatches |	0
       % of reads unmapped: too many mismatches |	0.00%
            Number of reads unmapped: too short |	3800516
                 % of reads unmapped: too short |	14.09%
                Number of reads unmapped: other |	32935
                     % of reads unmapped: other |	0.12%
                                  CHIMERIC READS:
                       Number of chimeric reads |	0
                            % of chimeric reads |	0.00%
