                                 Started job on |	Nov 05 03:29:23
                             Started mapping on |	Nov 05 03:30:02
                                    Finished on |	Nov 05 04:13:59
       Mapping speed, Million of reads per hour |	41.75

                          Number of input reads |	30583704
                      Average input read length |	99
                                    UNIQUE READS:
                   Uniquely mapped reads number |	27542525
                        Uniquely mapped reads % |	90.06%
                          Average mapped length |	95.42
                       Number of splices: Total |	6092338
            Number of splices: Annotated (sjdb) |	5937549
                       Number of splices: GT/AG |	5988960
                       Number of splices: GC/AG |	41751
                       Number of splices: AT/AC |	6129
               Number of splices: Non-canonical |	55498
                      Mismatch rate per base, % |	3.26%
                         Deletion rate per base |	0.27%
                        Deletion average length |	3.55
                        Insertion rate per base |	0.14%
                       Insertion average length |	2.72
                             MULTI-MAPPING READS:
        Number of reads mapped to multiple loci |	1078111
             % of reads mapped to multiple loci |	3.53%
        Number of reads mapped to too many loci |	51475
             % of reads mapped to too many loci |	0.17%
                                  UNMAPPED READS:
  Number of reads unmapped: too many mismatches |	0
       % of reads unmapped: too many mismatches |	0.00%
            Number of reads unmapped: too short |	1889967
                 % of reads unmapped: too short |	6.18%
                Number of reads unmapped: other |	21626
                     % of reads unmapped: other |	0.07%
                                  CHIMERIC READS:
                       Number of chimeric reads |	0
                            % of chimeric reads |	0.00%
