                                 Started job on |	Nov 05 03:31:10
                             Started mapping on |	Nov 05 03:31:47
                                    Finished on |	Nov 05 04:03:18
       Mapping speed, Million of reads per hour |	41.29

                          Number of input reads |	21688200
                      Average input read length |	99
                                    UNIQUE READS:
                   Uniquely mapped reads number |	19524689
                        Uniquely mapped reads % |	90.02%
                          Average mapped length |	95.05
                       Number of splices: Total |	4127822
            Number of splices: Annotated (sjdb) |	4020867
                       Number of splices: GT/AG |	4058772
                       Number of splices: GC/AG |	24334
                       Number of splices: AT/AC |	4038
               Number of splices: Non-canonical |	40678
                      Mismatch rate per base, % |	3.48%
                         Deletion rate per base |	0.28%
                        Deletion average length |	3.46
                        Insertion rate per base |	0.15%
                       Insertion average length |	2.66
                             MULTI-MAPPING READS:
        Number of reads mapped to multiple loci |	694818
             % of reads mapped to multiple loci |	3.20%
        Number of reads mapped to too many loci |	33068
             % of reads mapped to too many loci |	0.15%
                                  UNMAPPED READS:
  Number of reads unmapped: too many mismatches |	0
       % of reads unmapped: too many mismatches |	0.00%
            Number of reads unmapped: too short |	1416172
                 % of reads unmapped: too short |	6.53%
                Number of reads unmapped: other |	19453
                     % of reads unmapped: other |	0.09%
                                  CHIMERIC READS:
                       Number of chimeric reads |	0
                            % of chimeric reads |	0.00%
