                                 Started job on |	Nov 05 03:35:14
                             Started mapping on |	Nov 05 03:35:53
                                    Finished on |	Nov 05 04:36:27
       Mapping speed, Million of reads per hour |	36.93

                          Number of input reads |	37276007
                      Average input read length |	100
                                    UNIQUE READS:
                   Uniquely mapped reads number |	32855821
                        Uniquely mapped reads % |	88.14%
                          Average mapped length |	94.67
                       Number of splices: Total |	6134355
            Number of splices: Annotated (sjdb) |	5967388
                       Number of splices: GT/AG |	6022510
                       Number of splices: GC/AG |	39129
                       Number of splices: AT/AC |	6014
               Number of splices: Non-canonical |	66702
                      Mismatch rate per base, % |	3.80%
                         Deletion rate per base |	0.27%
                        Deletion average length |	3.44
                        Insertion rate per base |	0.15%
                       Insertion average length |	2.63
                             MULTI-MAPPING READS:
        Number of reads mapped to multiple loci |	1149650
             % of reads mapped to multiple loci |	3.08%
        Number of reads mapped to too many loci |	53035
             % of reads mapped to too many loci |	0.14%
                                  UNMAPPED READS:
  Number of reads unmapped: too many mismatches |	0
       % of reads unmapped: too many mismatches |	0.00%
            Number of reads unmapped: too short |	3192265
                 % of reads unmapped: too short |	8.56%
                Number of reads unmapped: other |	25236
                     % of reads unmapped: other |	0.07%
                                  CHIMERIC READS:
                       Number of chimeric reads |	0
                            % of chimeric reads |	0.00%
