                                 Started job on |	Mar 06 02:10:10
                             Started mapping on |	Mar 06 02:10:47
                                    Finished on |	Mar 06 02:35:29
       Mapping speed, Million of reads per hour |	249.47

                          Number of input reads |	102696831
                      Average input read length |	99
                                    UNIQUE READS:
                   Uniquely mapped reads number |	92924150
                        Uniquely mapped reads % |	90.48%
                          Average mapped length |	94.87
                       Number of splices: Total |	18756522
            Number of splices: Annotated (sjdb) |	18305456
                       Number of splices: GT/AG |	18450946
                       Number of splices: GC/AG |	106596
                       Number of splices: AT/AC |	19041
               Number of splices: Non-canonical |	179939
                      Mismatch rate per base, % |	3.47%
                         Deletion rate per base |	0.29%
                        Deletion average length |	3.48
                        Insertion rate per base |	0.16%
                       Insertion average length |	2.68
                             MULTI-MAPPING READS:
        Number of reads mapped to multiple loci |	3396733
             % of reads mapped to multiple loci |	3.31%
        Number of reads mapped to too many loci |	184606
             % of reads mapped to too many loci |	0.18%
                                  UNMAPPED READS:
  Number of reads unmapped: too many mismatches |	0
       % of reads unmapped: too many mismatches |	0.00%
            Number of reads unmapped: too short |	6121335
                 % of reads unmapped: too short |	5.96%
                Number of reads unmapped: other |	70007
                     % of reads unmapped: other |	0.07%
                                  CHIMERIC READS:
                       Number of chimeric reads |	0
                            % of chimeric reads |	0.00%
