                                 Started job on |	Mar 06 02:37:33
                             Started mapping on |	Mar 06 02:38:11
                                    Finished on |	Mar 06 02:54:16
       Mapping speed, Million of reads per hour |	246.42

                          Number of input reads |	66053257
                      Average input read length |	100
                                    UNIQUE READS:
                   Uniquely mapped reads number |	58424485
                        Uniquely mapped reads % |	88.45%
                          Average mapped length |	94.74
                       Number of splices: Total |	11224431
            Number of splices: Annotated (sjdb) |	10977572
                       Number of splices: GT/AG |	11043358
                       Number of splices: GC/AG |	67476
                       Number of splices: AT/AC |	11519
               Number of splices: Non-canonical |	102078
                      Mismatch rate per base, % |	3.84%
                         Deletion rate per base |	0.27%
                        Deletion average length |	3.43
                        Insertion rate per base |	0.14%
                       Insertion average length |	2.66
                             MULTI-MAPPING READS:
        Number of reads mapped to multiple loci |	1919458
             % of reads mapped to multiple loci |	2.91%
        Number of reads mapped to too many loci |	86391
             % of reads mapped to too many loci |	0.13%
                                  UNMAPPED READS:
  Number of reads unmapped: too many mismatches |	0
       % of reads unmapped: too many mismatches |	0.00%
            Number of reads unmapped: too short |	5557631
                 % of reads unmapped: too short |	8.41%
                Number of reads unmapped: other |	65292
                     % of reads unmapped: other |	0.10%
                                  CHIMERIC READS:
                       Number of chimeric reads |	0
                            % of chimeric reads |	0.00%
