                                 Started job on |	Nov 05 07:06:36
                             Started mapping on |	Nov 05 07:07:15
                                    Finished on |	Nov 05 09:03:26
       Mapping speed, Million of reads per hour |	35.32

                          Number of input reads |	68399718
                      Average input read length |	99
                                    UNIQUE READS:
                   Uniquely mapped reads number |	58995038
                        Uniquely mapped reads % |	86.25%
                          Average mapped length |	94.18
                       Number of splices: Total |	11378587
            Number of splices: Annotated (sjdb) |	11097891
                       Number of splices: GT/AG |	11192215
                       Number of splices: GC/AG |	65733
                       Number of splices: AT/AC |	10483
               Number of splices: Non-canonical |	110156
                      Mismatch rate per base, % |	4.16%
                         Deletion rate per base |	0.25%
                        Deletion average length |	3.39
                        Insertion rate per base |	0.13%
                       Insertion average length |	2.64
                             MULTI-MAPPING READS:
        Number of reads mapped to multiple loci |	1884783
             % of reads mapped to multiple loci |	2.76%
        Number of reads mapped to too many loci |	95860
             % of reads mapped to too many loci |	0.14%
                                  UNMAPPED READS:
  Number of reads unmapped: too many mismatches |	0
       % of reads unmapped: too many mismatches |	0.00%
            Number of reads unmapped: too short |	7335166
                 % of reads unmapped: too short |	10.72%
                Number of reads unmapped: other |	88871
                     % of reads unmapped: other |	0.13%
                                  CHIMERIC READS:
                       Number of chimeric reads |	0
                            % of chimeric reads |	0.00%
