                                 Started job on |	Nov 05 08:34:37
                             Started mapping on |	Nov 05 08:35:16
                                    Finished on |	Nov 05 09:44:13
       Mapping speed, Million of reads per hour |	35.59

                          Number of input reads |	40897532
                      Average input read length |	100
                                    UNIQUE READS:
                   Uniquely mapped reads number |	36252939
                        Uniquely mapped reads % |	88.64%
                          Average mapped length |	94.21
                       Number of splices: Total |	5690991
            Number of splices: Annotated (sjdb) |	5514086
                       Number of splices: GT/AG |	5579897
                       Number of splices: GC/AG |	31359
                       Number of splices: AT/AC |	5187
               Number of splices: Non-canonical |	74548
                      Mismatch rate per base, % |	4.09%
                         Deletion rate per base |	0.29%
                        Deletion average length |	3.40
                        Insertion rate per base |	0.15%
                       Insertion average length |	2.64
                             MULTI-MAPPING READS:
        Number of reads mapped to multiple loci |	1217339
             % of reads mapped to multiple loci |	2.98%
        Number of reads mapped to too many loci |	55884
             % of reads mapped to too many loci |	0.14%
                                  UNMAPPED READS:
  Number of reads unmapped: too many mismatches |	0
       % of reads unmapped: too many mismatches |	0.00%
            Number of reads unmapped: too short |	3324550
                 % of reads unmapped: too short |	8.13%
                Number of reads unmapped: other |	46820
                     % of reads unmapped: other |	0.11%
                                  CHIMERIC READS:
                       Number of chimeric reads |	0
                            % of chimeric reads |	0.00%
