                                 Started job on |	Nov 05 08:48:55
                             Started mapping on |	Nov 05 08:49:33
                                    Finished on |	Nov 05 09:25:36
       Mapping speed, Million of reads per hour |	44.92

                          Number of input reads |	26990290
                      Average input read length |	99
                                    UNIQUE READS:
                   Uniquely mapped reads number |	24620570
                        Uniquely mapped reads % |	91.22%
                          Average mapped length |	95.21
                       Number of splices: Total |	5517429
            Number of splices: Annotated (sjdb) |	5372183
                       Number of splices: GT/AG |	5425318
                       Number of splices: GC/AG |	33419
                       Number of splices: AT/AC |	5467
               Number of splices: Non-canonical |	53225
                      Mismatch rate per base, % |	3.28%
                         Deletion rate per base |	0.27%
                        Deletion average length |	3.53
                        Insertion rate per base |	0.15%
                       Insertion average length |	2.75
                             MULTI-MAPPING READS:
        Number of reads mapped to multiple loci |	951976
             % of reads mapped to multiple loci |	3.53%
        Number of reads mapped to too many loci |	63467
             % of reads mapped to too many loci |	0.24%
                                  UNMAPPED READS:
  Number of reads unmapped: too many mismatches |	0
       % of reads unmapped: too many mismatches |	0.00%
            Number of reads unmapped: too short |	1240144
                 % of reads unmapped: too short |	4.59%
                Number of reads unmapped: other |	114133
                     % of reads unmapped: other |	0.42%
                                  CHIMERIC READS:
                       Number of chimeric reads |	0
                            % of chimeric reads |	0.00%
