                                 Started job on |	Nov 05 09:04:45
                             Started mapping on |	Nov 05 09:05:24
                                    Finished on |	Nov 05 09:35:41
       Mapping speed, Million of reads per hour |	40.67

                          Number of input reads |	20526393
                      Average input read length |	100
                                    UNIQUE READS:
                   Uniquely mapped reads number |	17968886
                        Uniquely mapped reads % |	87.54%
                          Average mapped length |	94.86
                       Number of splices: Total |	3245160
            Number of splices: Annotated (sjdb) |	3138689
                       Number of splices: GT/AG |	3175135
                       Number of splices: GC/AG |	24076
                       Number of splices: AT/AC |	3380
               Number of splices: Non-canonical |	42569
                      Mismatch rate per base, % |	3.45%
                         Deletion rate per base |	0.29%
                        Deletion average length |	3.53
                        Insertion rate per base |	0.15%
                       Insertion average length |	2.69
                             MULTI-MAPPING READS:
        Number of reads mapped to multiple loci |	705397
             % of reads mapped to multiple loci |	3.44%
        Number of reads mapped to too many loci |	37145
             % of reads mapped to too many loci |	0.18%
                                  UNMAPPED READS:
  Number of reads unmapped: too many mismatches |	0
       % of reads unmapped: too many mismatches |	0.00%
            Number of reads unmapped: too short |	1797779
                 % of reads unmapped: too short |	8.76%
                Number of reads unmapped: other |	17186
                     % of reads unmapped: other |	0.08%
                                  CHIMERIC READS:
                       Number of chimeric reads |	0
                            % of chimeric reads |	0.00%
