                                 Started job on |	Nov 05 09:18:41
                             Started mapping on |	Nov 05 09:19:18
                                    Finished on |	Nov 05 11:10:41
       Mapping speed, Million of reads per hour |	38.22

                          Number of input reads |	70956320
                      Average input read length |	100
                                    UNIQUE READS:
                   Uniquely mapped reads number |	64332299
                        Uniquely mapped reads % |	90.66%
                          Average mapped length |	95.04
                       Number of splices: Total |	13173119
            Number of splices: Annotated (sjdb) |	12826506
                       Number of splices: GT/AG |	12948020
                       Number of splices: GC/AG |	81778
                       Number of splices: AT/AC |	13617
               Number of splices: Non-canonical |	129704
                      Mismatch rate per base, % |	3.62%
                         Deletion rate per base |	0.27%
                        Deletion average length |	3.48
                        Insertion rate per base |	0.14%
                       Insertion average length |	2.70
                             MULTI-MAPPING READS:
        Number of reads mapped to multiple loci |	2263848
             % of reads mapped to multiple loci |	3.19%
        Number of reads mapped to too many loci |	112753
             % of reads mapped to too many loci |	0.16%
                                  UNMAPPED READS:
  Number of reads unmapped: too many mismatches |	0
       % of reads unmapped: too many mismatches |	0.00%
            Number of reads unmapped: too short |	4174255
                 % of reads unmapped: too short |	5.88%
                Number of reads unmapped: other |	73165
                     % of reads unmapped: other |	0.10%
                                  CHIMERIC READS:
                       Number of chimeric reads |	0
                            % of chimeric reads |	0.00%
