                                 Started job on |	Nov 05 10:31:34
                             Started mapping on |	Nov 05 10:32:14
                                    Finished on |	Nov 05 11:01:10
       Mapping speed, Million of reads per hour |	42.29

                          Number of input reads |	20393161
                      Average input read length |	99
                                    UNIQUE READS:
                   Uniquely mapped reads number |	18803877
                        Uniquely mapped reads % |	92.21%
                          Average mapped length |	95.44
                       Number of splices: Total |	4311339
            Number of splices: Annotated (sjdb) |	4209519
                       Number of splices: GT/AG |	4242868
                       Number of splices: GC/AG |	25348
                       Number of splices: AT/AC |	4613
               Number of splices: Non-canonical |	38510
                      Mismatch rate per base, % |	3.27%
                         Deletion rate per base |	0.27%
                        Deletion average length |	3.50
                        Insertion rate per base |	0.14%
                       Insertion average length |	2.67
                             MULTI-MAPPING READS:
        Number of reads mapped to multiple loci |	653392
             % of reads mapped to multiple loci |	3.20%
        Number of reads mapped to too many loci |	34664
             % of reads mapped to too many loci |	0.17%
                                  UNMAPPED READS:
  Number of reads unmapped: too many mismatches |	0
       % of reads unmapped: too many mismatches |	0.00%
            Number of reads unmapped: too short |	875331
                 % of reads unmapped: too short |	4.29%
                Number of reads unmapped: other |	25897
                     % of reads unmapped: other |	0.13%
                                  CHIMERIC READS:
                       Number of chimeric reads |	0
                            % of chimeric reads |	0.00%
